// Jest Snapshot v1, https://goo.gl/fbAQLP

exports[`AdviceButton renders correctly 1`] = `ShallowWrapper {}`;
