// Jest Snapshot v1, https://goo.gl/fbAQLP

exports[`ShareLink renders correctly if it has a slip 1`] = `ReactWrapper {}`;
